// Jest Snapshot v1, https://goo.gl/fbAQLP

exports[`reenviar renders correctly 1`] = `undefined`;
